---
source: htmxology-macros/src/identity/mod.rs
expression: test_identity(input)
---
#[allow(unused)]
mod __test {
    impl<'a> htmxology::htmx::Identity for View<'a> {
        fn id(&self) -> htmxology::htmx::HtmlId {
            htmxology::htmx::HtmlId::from_static("view")
                .expect("ID was validated at compile time")
        }
    }
}
