---
source: htmxology-macros/src/routing_controller/mod.rs
expression: test_routing_controller(input)
---
#[allow(unused)]
mod __test {
    impl htmxology::HasSubcontroller<'_, HomeController> for AppController {
        fn as_subcontroller(&self) -> HomeController {
            self.into()
        }
        fn convert_response(
            htmx: &htmxology::htmx::Request,
            response: <HomeController as htmxology::Controller>::Response,
        ) -> <Self as htmxology::Controller>::Response {
            response.into()
        }
    }
    impl htmxology::HasSubcontroller<'_, BlogController> for AppController {
        fn as_subcontroller(&self) -> BlogController {
            self.into()
        }
        fn convert_response(
            htmx: &htmxology::htmx::Request,
            response: <BlogController as htmxology::Controller>::Response,
        ) -> <Self as htmxology::Controller>::Response {
            response.into()
        }
    }
    impl htmxology::HasSubcontroller<'_, UserController> for AppController {
        fn as_subcontroller(&self) -> UserController {
            self.into()
        }
        fn convert_response(
            htmx: &htmxology::htmx::Request,
            response: <UserController as htmxology::Controller>::Response,
        ) -> <Self as htmxology::Controller>::Response {
            response.into()
        }
    }
    #[derive(Debug, Clone, htmxology::Route)]
    pub enum AppRoute {
        #[route("")]
        Home(#[subroute] <HomeController as htmxology::Controller>::Route),
        #[route("blog/{blog_id}/")]
        Blog {
            blog_id: u32,
            #[subroute]
            subroute: <BlogController as htmxology::Controller>::Route,
        },
        #[route("user/{user_id}/")]
        User {
            user_id: String,
            #[subroute]
            subroute: <UserController as htmxology::Controller>::Route,
        },
    }
    impl htmxology::Controller for AppController {
        type Route = AppRoute;
        type Args = ();
        type Response = Result<axum::response::Response, axum::response::Response>;
        async fn handle_request(
            &self,
            route: Self::Route,
            htmx: htmxology::htmx::Request,
            parts: http::request::Parts,
            server_info: &htmxology::ServerInfo,
            args: &mut Self::Args,
        ) -> Self::Response {
            match route {
                Self::Route::Home(route) => {
                    let response = htmxology::SubcontrollerExt::get_subcontroller::<
                        HomeController,
                    >(self)
                        .handle_request(route, htmx.clone(), parts, server_info, args)
                        .await;
                    <Self as htmxology::HasSubcontroller<
                        '_,
                        HomeController,
                    >>::convert_response(&htmx, response)
                }
                Self::Route::Blog { blog_id: _, subroute } => {
                    let response = htmxology::SubcontrollerExt::get_subcontroller::<
                        BlogController,
                    >(self)
                        .handle_request(subroute, htmx.clone(), parts, server_info, args)
                        .await;
                    <Self as htmxology::HasSubcontroller<
                        '_,
                        BlogController,
                    >>::convert_response(&htmx, response)
                }
                Self::Route::User { user_id: _, subroute } => {
                    let response = htmxology::SubcontrollerExt::get_subcontroller::<
                        UserController,
                    >(self)
                        .handle_request(subroute, htmx.clone(), parts, server_info, args)
                        .await;
                    <Self as htmxology::HasSubcontroller<
                        '_,
                        UserController,
                    >>::convert_response(&htmx, response)
                }
            }
        }
    }
}
