---
source: htmxology-macros/src/routing_controller/mod.rs
expression: test_routing_controller(input)
---
#[allow(unused)]
mod __test {
    impl htmxology::AsSubcontroller<'_, BlogController, ()> for AppController {
        fn as_subcontroller(&self, args: ()) -> BlogController {
            self.into()
        }
    }
    #[derive(Debug, Clone, htmxology::Route)]
    pub enum AppRoute {
        #[route("blog/")]
        Blog(#[subroute] <BlogController as htmxology::Controller>::Route),
    }
    impl htmxology::Controller for AppController {
        type Route = AppRoute;
        type Args = ();
        type Output = axum::response::Response;
        type ErrorOutput = axum::response::Response;
        async fn handle_request(
            &self,
            route: Self::Route,
            htmx: htmxology::htmx::Request,
            parts: http::request::Parts,
            server_info: &htmxology::ServerInfo,
        ) -> Result<Self::Output, Self::ErrorOutput> {
            match route {
                Self::Route::Blog(route) => {
                    use axum::response::IntoResponse;
                    let result = self
                        .get_subcontroller::<BlogController>()
                        .handle_request(route, htmx, parts, server_info)
                        .await;
                    match result {
                        Ok(output) => Ok(output.into_response()),
                        Err(error) => Err(error.into_response()),
                    }
                }
            }
        }
    }
}
