---
source: htmxology-macros/src/routing_controller/mod.rs
expression: test_routing_controller(input)
---
#[allow(unused)]
mod __test {
    impl htmxology::AsSubcontroller<'_, PostController, (u32, String)>
    for AppController {
        fn as_subcontroller(&self, args: (u32, String)) -> PostController {
            <PostController>::from((self, args.0, args.1))
        }
        fn convert_response(
            htmx: &htmxology::htmx::Request,
            response: <PostController as htmxology::Controller>::Response,
        ) -> <Self as htmxology::Controller>::Response {
            response.into()
        }
    }
    #[derive(Debug, Clone, htmxology::Route)]
    pub enum AppRoute {
        #[route("blog/{blog_id}/post/{post_id}/")]
        Post {
            blog_id: u32,
            post_id: String,
            #[subroute]
            subroute: <PostController as htmxology::Controller>::Route,
        },
    }
    impl htmxology::Controller for AppController {
        type Route = AppRoute;
        type Args = ();
        type Response = Result<axum::response::Response, axum::response::Response>;
        async fn handle_request(
            &self,
            route: Self::Route,
            htmx: htmxology::htmx::Request,
            parts: http::request::Parts,
            server_info: &htmxology::ServerInfo,
        ) -> Self::Response {
            match route {
                Self::Route::Post { blog_id, post_id, subroute } => {
                    let response = htmxology::SubcontrollerExt::get_subcontroller_with::<
                        PostController,
                    >(self, (blog_id, post_id))
                        .handle_request(subroute, htmx.clone(), parts, server_info)
                        .await;
                    <Self as htmxology::AsSubcontroller<
                        '_,
                        PostController,
                        (u32, String),
                    >>::convert_response(&htmx, response)
                }
            }
        }
    }
}
