---
source: htmxology-macros/src/routing_controller/mod.rs
expression: test_routing_controller(input)
---
#[allow(unused)]
mod __test {
    impl htmxology::HasSubcontroller<'_, BlogController> for AppController {
        fn as_subcontroller(&self) -> BlogController {
            panic!(
                "as_subcontroller should not be called for subcontrollers with params and convert_with"
            )
        }
        fn convert_response(
            htmx: &htmxology::htmx::Request,
            response: <BlogController as htmxology::Controller>::Response,
        ) -> <Self as htmxology::Controller>::Response {
            response.into()
        }
    }
    #[derive(Debug, Clone, htmxology::Route)]
    pub enum AppRoute {
        #[route("blog/{blog_id}/")]
        Blog {
            blog_id: u32,
            #[subroute]
            subroute: <BlogController as htmxology::Controller>::Route,
        },
    }
    impl htmxology::Controller for AppController {
        type Route = AppRoute;
        type Args = ();
        type Response = Result<axum::response::Response, axum::response::Response>;
        async fn handle_request(
            &self,
            route: Self::Route,
            htmx: htmxology::htmx::Request,
            parts: http::request::Parts,
            server_info: &htmxology::ServerInfo,
            args: &mut Self::Args,
        ) -> Self::Response {
            match route {
                Self::Route::Blog { blog_id, subroute } => {
                    let subcontroller = Self::make_blog(self, blog_id);
                    let response = subcontroller
                        .handle_request(subroute, htmx.clone(), parts, server_info, args)
                        .await;
                    <Self as htmxology::HasSubcontroller<
                        '_,
                        BlogController,
                    >>::convert_response(&htmx, response)
                }
            }
        }
    }
}
